
*** Process PID crashed with signal SIGILL ***
#0 ADDR in inline_function() (build/test_crash ADDR) at src/test_crash.cc:10
#0 ADDR in crash_function() (build/test_crash ADDR) at src/test_crash.cc:14
#1 ADDR in intermediate_function_2() (build/test_crash ADDR) at src/test_crash.cc:18
#2 ADDR in intermediate_function() (build/test_crash ADDR) at src/test_crash.cc:22
#3 ADDR in main.cold (build/test_crash ADDR) at src/test_crash.cc:45
#4 ADDR (/usr/lib/x86_64-linux-gnu/libc.so.6 ADDR)
#5 ADDR in __libc_start_main (/usr/lib/x86_64-linux-gnu/libc.so.6 ADDR)
#6 ADDR in _start (build/test_crash ADDR)
#7 ADDRhild crashed with signal 4
